<html>
<body>
<pre>
<h1>µVision Build Log</h1>
<h2>Project:</h2>
C:\Users\RUSHIKESH\OneDrive\Desktop\ARM_PROJECT\ARM_project_final_24_apr\Major_proj_ARM.uvproj
Project File Date:  04/24/2025

<h2>Output:</h2>
Rebuild target 'Target 1'
assembling Startup.s...
compiling ADC.c...
compiling delay.c...
compiling esp01.c...
compiling UART_INT.c...
compiling lcd.c...
compiling keypad.c...
compiling rtc.c...
compiling main3.c...
linking...
Program Size: Code=12248 RO-data=52 RW-data=332 ZI-data=1260  
FromELF: creating hex file...
".\project_24k.axf" - 0 Error(s), 0 Warning(s).
: cannot open source input file "lcd_defines.h": No such file or directory
  #include "lcd_defines.h"
rtc.c: 0 warnings, 1 error
compiling main3.c...
main3.c: Error:  #5: cannot open source input file "main3.c": No such file or directory
main3.c: 0 warnings, 1 error
".\project_24k.axf" - 3 Error(s), 0 Warning(s).
Target not created
